# -*- coding: utf-8 -*-
"""
Завдання 15.0

Пройти всі питання в pquiz по розділу 15.
Перед проходженням питань оновити pyneng-quiz:
$ pip install -U pyneng-quiz

Запуск:
$ pquiz
"""

# -*- coding: utf-8 -*-
"""
Завдання 15.1a

Скопировать функцию get_ip_from_cfg из задания 15.1 и переделать ее таким образом,
чтобы она возвращала словарь:
* ключ: имя интерфейса
* значение: кортеж с двумя строками:
  * IP-адрес
  * маска

В словарь добавлять только те интерфейсы, на которых настроены IP-адреса.

Например (взяты произвольные адреса):
{'FastEthernet0/1': ('10.0.1.1', '255.255.255.0'),
 'FastEthernet0/2': ('10.0.2.1', '255.255.255.0')}

Для получения такого результата, используйте регулярные выражения.

Проверить работу функции на примере файла config_r1.txt.

Обратите внимание, что в данном случае, можно не проверять корректность IP-адреса,
диапазоны адресов и так далее, так как обрабатывается вывод команды,
а не ввод пользователя.

Пример вызова функции
In [2]: get_ip_from_cfg("config_r1.txt")
Out[2]:
{'Loopback0': ('10.1.1.1', '255.255.255.255'),
 'Ethernet0/0': ('10.0.13.1', '255.255.255.0'),
 'Ethernet0/2': ('10.0.19.1', '255.255.255.0')}

"""
# -*- coding: utf-8 -*-
"""
Завдання 15.1b

Проверить работу функции get_ip_from_cfg из задания 15.1a
на конфигурации config_r2.txt.

Обратите внимание, что на интерфейсе e0/1 назначены два IP-адреса:
interface Ethernet0/1
 ip address 10.255.2.2 255.255.255.0
 ip address 10.254.2.2 255.255.255.0 secondary

А в словаре, который возвращает функция get_ip_from_cfg, интерфейсу Ethernet0/1
соответствует только один из них.

Скопировать функцию get_ip_from_cfg из задания 15.1a и переделать ее таким
образом, чтобы в значении словаря она возвращала список кортежей
для каждого интерфейса.
Если на интерфейсе назначен только один адрес, в списке будет один кортеж.
Если же на интерфейсе настроены несколько IP-адресов, то в списке будет
несколько кортежей. Ключом остается имя интерфейса.

В словарь добавлять только те интерфейсы, на которых настроены IP-адреса.

Проверьте функцию на конфигурации config_r2.txt и убедитесь, что интерфейсу
Ethernet0/1 соответствует список из двух кортежей.

Обратите внимание, что в данном случае, можно не проверять корректность
IP-адреса, диапазоны адресов и так далее, так как обрабатывается вывод команды,
а не ввод пользователя.

Пример вызова функции
In [8]: pprint(get_ip_from_cfg("config_r2.txt"), sort_dicts=False)
{'Loopback0': [('10.2.2.2', '255.255.255.255')],
 'Ethernet0/0': [('10.0.23.2', '255.255.255.0')],
 'Ethernet0/1': [('10.255.2.2', '255.255.255.0'),
                 ('10.254.2.2', '255.255.255.0')],
 'Ethernet0/2': [('10.0.29.2', '255.255.255.0')]}

"""
# -*- coding: utf-8 -*-
"""
Завдання 15.1

Создать функцию get_ip_from_cfg, которая ожидает как аргумент имя файла,
в котором находится конфигурация устройства.

Функция должна обрабатывать конфигурацию и возвращать IP-адреса и маски,
которые настроены на интерфейсах, в виде списка кортежей:
* первый элемент кортежа - IP-адрес
* второй элемент кортежа - маска

Например (взяты произвольные адреса):
[('10.0.1.1', '255.255.255.0'), ('10.0.2.1', '255.255.255.0')]

Для получения такого результата, используйте регулярные выражения.

Проверить работу функции на примере файла config_r1.txt.

Обратите внимание, что в данном случае, можно не проверять корректность IP-адреса,
диапазоны адресов и так далее, так как обрабатывается вывод команды,
а не ввод пользователя.

Пример вызова функции
In [10]: get_ip_from_cfg("config_r1.txt")
Out[10]:
[('10.1.1.1', '255.255.255.255'),
 ('10.0.13.1', '255.255.255.0'),
 ('10.0.19.1', '255.255.255.0')]

"""
# -*- coding: utf-8 -*-
"""
Завдання 15.2

Создать функцию parse_sh_ip_int_br, которая ожидает как аргумент
имя файла, в котором находится вывод команды show ip int br

Функция должна обрабатывать вывод команды show ip int br и возвращать такие поля:
* Interface
* IP-Address
* Status
* Protocol

Информация должна возвращаться в виде списка кортежей (пример вывода):
[('FastEthernet0/0', '10.0.1.1', 'up', 'up'),
 ('FastEthernet0/1', '10.0.2.1', 'administratively down', 'down'),
 ('FastEthernet0/2', 'unassigned', 'down', 'down')]

Для получения такого результата, используйте регулярные выражения.

Проверить работу функции на примере файла sh_ip_int_br.txt и sh_ip_int_br_2.txt.

Привет вызова функции
In [12]: parse_sh_ip_int_br("sh_ip_int_br.txt")
Out[12]:
[('FastEthernet0/0', '15.0.15.1', 'up', 'up'),
 ('FastEthernet0/1', '10.0.12.1', 'up', 'up'),
 ('FastEthernet0/2', '10.0.13.1', 'up', 'up'),
 ('FastEthernet0/3', 'unassigned', 'administratively down', 'down'),
 ('Loopback0', '10.1.1.1', 'up', 'up'),
 ('Loopback100', '100.0.0.1', 'up', 'up')]

In [13]: parse_sh_ip_int_br("sh_ip_int_br_2.txt")
Out[13]:
[('FastEthernet0/0', '15.0.15.2', 'up', 'up'),
 ('FastEthernet0/1', '10.0.12.2', 'up', 'up'),
 ('FastEthernet0/2', '10.0.13.2', 'down', 'down'),
 ('FastEthernet0/3', 'unassigned', 'administratively down', 'down'),
 ('Loopback0', '10.2.2.2', 'up', 'up')]

"""
# -*- coding: utf-8 -*-
"""
Завдання 15.3

Создать функцию convert_ios_nat_to_asa, которая конвертирует правила NAT
из синтаксиса cisco IOS в cisco ASA.

Функция ожидает такие аргументы:
- имя файла, в котором находится правила NAT Cisco IOS
- имя файла, в который надо записать полученные правила NAT для ASA

Функція нічого не повертає.

Проверить функцию на файле cisco_nat_config.txt.

Пример правил NAT cisco IOS
ip nat inside source static tcp 10.1.2.84 22 interface GigabitEthernet0/1 20022
ip nat inside source static tcp 10.1.9.5 22 interface GigabitEthernet0/1 20023

И соответствующие правила NAT для ASA:
object network LOCAL_10.1.2.84
 host 10.1.2.84
 nat (inside,outside) static interface service tcp 22 20022
object network LOCAL_10.1.9.5
 host 10.1.9.5
 nat (inside,outside) static interface service tcp 22 20023

В файле с правилами для ASA:
- не должно быть пустых строк между правилами
- перед строками "object network" не должны быть пробелы
- перед остальными строками должен быть один пробел

Во всех правилах для ASA интерфейсы будут одинаковыми (inside,outside).
"""
# -*- coding: utf-8 -*-
"""
Завдання 15.4

Создать функцию get_ints_without_description, которая ожидает как аргумент
имя файла, в котором находится конфигурация устройства.

Функция должна обрабатывать конфигурацию и возвращать список имен интерфейсов,
на которых нет описания (команды description).

Пример итогового списка:
["Loopback0", "Tunnel0", "Ethernet0/1", "Ethernet0/3.100", "Ethernet1/0"]

Пример интерфейса с описанием:
interface Ethernet0/2
 description To P_r9 Ethernet0/2
 ip address 10.0.19.1 255.255.255.0
 mpls traffic-eng tunnels
 ip rsvp bandwidth

Интерфейс без описания:
interface Loopback0
 ip address 10.1.1.1 255.255.255.255

Проверить работу функции на примере файла config_r1.txt.

Пример вызова функции
In [15]: get_ints_without_description("config_r1.txt")
Out[15]: ['Loopback0', 'Tunnel0', 'Ethernet0/1', 'Ethernet0/3.100', 'Ethernet1/0']

"""
# -*- coding: utf-8 -*-
"""
Завдання 15.5

Создать функцию generate_description_from_cdp, которая ожидает как аргумент
имя файла, в котором находится вывод команды show cdp neighbors.

Функция должна обрабатывать вывод команды show cdp neighbors и генерировать
на основании вывода команды описание для интерфейсов.

Например, если у R1 такой вывод команды:
R1>show cdp neighbors
Capability Codes: R - Router, T - Trans Bridge, B - Source Route Bridge
                  S - Switch, H - Host, I - IGMP, r - Repeater

Device ID        Local Intrfce     Holdtme    Capability  Platform  Port ID
SW1              Eth 0/0           140          S I      WS-C3750-  Eth 0/1

Для интерфейса Eth 0/0 надо сгенерировать такое описание
description Connected to SW1 port Eth 0/1

Функция должна возвращать словарь, в котором ключи - имена интерфейсов,
а значения - команда задающая описание интерфейса:
'Eth 0/0': 'description Connected to SW1 port Eth 0/1'


Проверить работу функции на файле sh_cdp_n_sw1.txt.
Пример вызова функции
In [17]: generate_description_from_cdp("sh_cdp_n_sw1.txt")
Out[17]:
{'Eth 0/1': 'description Connected to R1 port Eth 0/0',
 'Eth 0/2': 'description Connected to R2 port Eth 0/0',
 'Eth 0/3': 'description Connected to R3 port Eth 0/0',
 'Eth 0/5': 'description Connected to R6 port Eth 0/1'}

"""
# -*- coding: utf-8 -*-
"""
Завдання 17.1

Создать функцию write_dhcp_snooping_to_csv, которая обрабатывает вывод
команды show dhcp snooping binding из разных файлов и записывает обработанные
данные в csv файл.

Аргументы функции:
* filenames - список с именами файлов с выводом show dhcp snooping binding
* output - имя файла в формате csv, в который будет записан результат

Функція нічого не повертає.

Например, если как аргумент был передан список с одним файлом sw3_dhcp_snooping.txt:
MacAddress          IpAddress        Lease(sec)  Type           VLAN  Interface
------------------  ---------------  ----------  -------------  ----  --------------------
00:E9:BC:3F:A6:50   100.1.1.6        76260       dhcp-snooping   3    FastEthernet0/20
00:E9:22:11:A6:50   100.1.1.7        76260       dhcp-snooping   3    FastEthernet0/21
Total number of bindings: 2

В итоговом csv файле должно быть такое содержимое:
switch,mac,ip,vlan,interface
sw3,00:E9:BC:3F:A6:50,100.1.1.6,3,FastEthernet0/20
sw3,00:E9:22:11:A6:50,100.1.1.7,3,FastEthernet0/21

Первый столбец в csv файле имя коммутатора надо получить из имени файла,
остальные - из содержимого в файлах.

Проверить работу функции на содержимом файлов sw1_dhcp_snooping.txt,
sw2_dhcp_snooping.txt, sw3_dhcp_snooping.txt.

"""
# -*- coding: utf-8 -*-
"""
Завдання 17.2

В этом задании нужно:
* взять содержимое нескольких файлов с выводом команды sh version
* распарсить вывод команды с помощью регулярных выражений
  и получить информацию об устройстве
* записать полученную информацию в файл в CSV формате

Для выполнения задания нужно создать две функции.

Функция parse_sh_version:
* ожидает как аргумент вывод команды sh version одной строкой (не имя файла)
* обрабатывает вывод, с помощью регулярных выражений
* возвращает кортеж из трёх элементов:
 * ios - в формате "12.4(5)T"
 * image - в формате "flash:c2800-advipservicesk9-mz.124-5.T.bin"
 * uptime - в формате "5 days, 3 hours, 3 minutes"

У функции write_inventory_to_csv должно быть два параметра:
 * data_filenames - ожидает как аргумент список имен файлов с выводом sh version
 * csv_filename - ожидает как аргумент имя файла (например, routers_inventory.csv),
   в который будет записана информация в формате CSV
* функция записывает содержимое в файл, в формате CSV и ничего не возвращает


Функция write_inventory_to_csv должна делать следующее:
* обработать информацию из каждого файла с выводом sh version:
 * sh_version_r1.txt, sh_version_r2.txt, sh_version_r3.txt
* с помощью функции parse_sh_version, из каждого вывода должна быть получена
  информация ios, image, uptime
* из имени файла нужно получить имя хоста
* после этого вся информация должна быть записана в CSV файл

В файле routers_inventory.csv должны быть такие столбцы (именно в этом порядке):
* hostname, ios, image, uptime

В скрипте, с помощью модуля glob, создан список файлов, имя которых начинается
на sh_vers. Вы можете раскомментировать строку print(sh_version_files),
чтобы посмотреть содержимое списка.

Кроме того, создан список заголовков (headers), который должен быть записан в CSV.
"""

import glob

sh_version_files = glob.glob("sh_vers*")
# print(sh_version_files)

headers = ["hostname", "ios", "image", "uptime"]
# -*- coding: utf-8 -*-
"""
Завдання 17.3a

Создать функцию generate_topology_from_cdp, которая обрабатывает вывод
команды show cdp neighbor из нескольких файлов и записывает итоговую
топологию в один словарь.

Функция generate_topology_from_cdp должна быть создана с параметрами:
* list_of_files - список файлов из которых надо считать вывод команды sh cdp neighbor
* save_to_filename - имя файла в формате YAML, в который сохранится топология.
 * значение по умолчанию - None. По умолчанию, топология не сохраняется в файл
 * топология сохраняется только, если save_to_filename как аргумент указано имя файла

Функция должна возвращать словарь, который описывает соединения между устройствами,
независимо от того сохраняется ли топология в файл.

Структура словаря должна быть такой:
{'R4': {'Fa 0/1': {'R5': 'Fa 0/1'},
        'Fa 0/2': {'R6': 'Fa 0/0'}},
 'R5': {'Fa 0/1': {'R4': 'Fa 0/1'}},
 'R6': {'Fa 0/0': {'R4': 'Fa 0/2'}}}

Интерфейсы должны быть записаны с пробелом. То есть, так Fa 0/0, а не так Fa0/0.

Проверить работу функции generate_topology_from_cdp на списке файлов:
* sh_cdp_n_sw1.txt
* sh_cdp_n_r1.txt
* sh_cdp_n_r2.txt
* sh_cdp_n_r3.txt
* sh_cdp_n_r4.txt
* sh_cdp_n_r5.txt
* sh_cdp_n_r6.txt

Проверить работу параметра save_to_filename и записать итоговый словарь
в файл topology.yaml. Он понадобится в следующем задании.

Пример вызова функции
In [11]: pprint(generate_topology_from_cdp(["sh_cdp_n_sw1.txt", "sh_cdp_n_r1.txt"]), sort_dicts=False)
{'SW1': {'Eth 0/1': {'R1': 'Eth 0/0'},
         'Eth 0/2': {'R2': 'Eth 0/0'},
         'Eth 0/3': {'R3': 'Eth 0/0'},
         'Eth 0/4': {'R4': 'Eth 0/0'}},
 'R1': {'Eth 0/0': {'SW1': 'Eth 0/1'}}}

In [12]: f_list
Out[12]:
['sh_cdp_n_r2.txt',
 'sh_cdp_n_r5.txt',
 'sh_cdp_n_r1.txt',
 'sh_cdp_n_sw1.txt',
 'sh_cdp_n_r3.txt',
 'sh_cdp_n_r4.txt',
 'sh_cdp_n_r6.txt']

In [13]: pprint(generate_topology_from_cdp(f_list), sort_dicts=False)
{'R2': {'Eth 0/0': {'SW1': 'Eth 0/2'},
        'Eth 0/1': {'R5': 'Eth 0/0'},
        'Eth 0/2': {'R6': 'Eth 0/1'}},
 'R5': {'Eth 0/0': {'R2': 'Eth 0/1'}, 'Eth 0/1': {'R4': 'Eth 0/1'}},
 'R1': {'Eth 0/0': {'SW1': 'Eth 0/1'}},
 'SW1': {'Eth 0/1': {'R1': 'Eth 0/0'},
         'Eth 0/2': {'R2': 'Eth 0/0'},
         'Eth 0/3': {'R3': 'Eth 0/0'},
         'Eth 0/4': {'R4': 'Eth 0/0'}},
 'R3': {'Eth 0/0': {'SW1': 'Eth 0/3'}},
 'R4': {'Eth 0/0': {'SW1': 'Eth 0/4'}, 'Eth 0/1': {'R5': 'Eth 0/1'}},
 'R6': {'Eth 0/1': {'R2': 'Eth 0/2'}}}
"""
# -*- coding: utf-8 -*-
"""
Завдання 17.3b

Создать функцию transform_topology, которая преобразует топологию в формат подходящий
для функции draw_topology.

Функция ожидает как аргумент словарь вида имя файла в формате YAML, в котором
хранится топология.

Функция должна считать данные из YAML файла, преобразовать их соответственно,
чтобы функция возвращала словарь такого вида:
    {('R4', 'Fa 0/1'): ('R5', 'Fa 0/1'),
     ('R4', 'Fa 0/2'): ('R6', 'Fa 0/0')}

Функция transform_topology должна не только менять формат представления
топологии, но и удалять "дублирующиеся" соединения (их лучше всего видно на
схеме, которую генерирует функция draw_topology из файла
draw_network_graph.py).
Тут "дублирующиеся" соединения, это ситуация когда в словаре есть два соединения:
    ("R1", "Eth0/0"): ("SW1", "Eth0/1")
    ("SW1", "Eth0/1"): ("R1", "Eth0/0")

Из-за того что один и тот же линк описывается дважды, на схеме будут лишние
соединения.  Задача оставить только один из этих линков в итоговом словаре, не
важно какой.

Проверить работу функции на файле topology.yaml (должен быть создан в задании
17.3a).  На основании полученного словаря надо сгенерировать изображение
топологии с помощью функции draw_topology.
Не копировать код функции draw_topology из файла draw_network_graph.py.

Результат должен выглядеть так же, как схема в файле task_17_3b_topology.svg

При этом:
* Интерфейсы должны быть записаны с пробелом Fa 0/0
* Расположение устройств на схеме может быть другим
* Соединения должны соответствовать схеме
* На схеме не должно быть "дублирующихся" линков


> Для выполнения этого задания, должен быть установлен graphviz:
> apt-get install graphviz

> И модуль python для работы с graphviz:
> pip install graphviz

"""
# -*- coding: utf-8 -*-
"""
Завдання 17.3

Создать функцию parse_sh_cdp_neighbors, которая обрабатывает
вывод команды show cdp neighbors.

Функция ожидает, как аргумент, вывод команды одной строкой (не имя файла).
Функция должна возвращать словарь, который описывает соединения между устройствами.

Например, если как аргумент был передан такой вывод:
R4>show cdp neighbors

Device ID    Local Intrfce   Holdtme     Capability       Platform    Port ID
R5           Fa 0/1          122           R S I           2811       Fa 0/1
R6           Fa 0/2          143           R S I           2811       Fa 0/0

Функция должна вернуть такой словарь:
{'R4': {'Fa 0/1': {'R5': 'Fa 0/1'},
        'Fa 0/2': {'R6': 'Fa 0/0'}}}

Интерфейсы должны быть записаны с пробелом. То есть, так Fa 0/0, а не так Fa0/0.

Проверить работу функции на содержимом файла sh_cdp_n_sw1.txt

Пример вызова функции
In [8]: with open("sh_cdp_n_sw1.txt") as f:
   ...:     pprint(parse_sh_cdp_neighbors(f.read()), sort_dicts=False)
   ...:
{'SW1': {'Eth 0/1': {'R1': 'Eth 0/0'},
         'Eth 0/2': {'R2': 'Eth 0/0'},
         'Eth 0/3': {'R3': 'Eth 0/0'},
         'Eth 0/4': {'R4': 'Eth 0/0'}}}

In [9]: with open("sh_cdp_n_r1.txt") as f:
   ...:     pprint(parse_sh_cdp_neighbors(f.read()), sort_dicts=False)
   ...:
{'R1': {'Eth 0/0': {'SW1': 'Eth 0/1'}}}

In [10]: with open("sh_cdp_n_r2.txt") as f:
    ...:     pprint(parse_sh_cdp_neighbors(f.read()), sort_dicts=False)
    ...:
{'R2': {'Eth 0/0': {'SW1': 'Eth 0/2'},
        'Eth 0/1': {'R5': 'Eth 0/0'},
        'Eth 0/2': {'R6': 'Eth 0/1'}}}
"""
# -*- coding: utf-8 -*-
"""
Завдання 17.4

Создать функцию write_last_log_to_csv.

Аргументы функции:
* source_log - имя файла в формате csv, из которого читаются данные (mail_log.csv)
* output - имя файла в формате csv, в который будет записан результат

Функція нічого не повертає.

Функция write_last_log_to_csv обрабатывает csv файл mail_log.csv.
В файле mail_log.csv находятся логи изменения имени пользователя. При этом, email
пользователь менять не может, только имя.

Функция write_last_log_to_csv должна отбирать из файла mail_log.csv только
самые свежие записи для каждого пользователя и записывать их в другой csv файл.
В файле output первой строкой должны быть заголовки столбцов,
такие же как в файле source_log.

Для части пользователей запись только одна и тогда в итоговый файл надо записать
только ее.
Для некоторых пользователей есть несколько записей с разными именами.
Например пользователь с email c3po@gmail.com несколько раз менял имя:
C=3PO,c3po@gmail.com,16/12/2019 17:10
C3PO,c3po@gmail.com,16/12/2019 17:15
C-3PO,c3po@gmail.com,16/12/2019 17:24

Из этих трех записей, в итоговый файл должна быть записана только одна - самая свежая:
C-3PO,c3po@gmail.com,16/12/2019 17:24

Для сравнения дат удобно использовать объекты datetime из модуля datetime.
Чтобы упростить работу с датами, создана функция convert_str_to_datetime - она
конвертирует строку с датой в формате 11/10/2019 14:05 в объект datetime.
Полученные объекты datetime можно сравнивать между собой.
Вторая функция convert_datetime_to_str делает обратную операцию - превращает
объект datetime в строку.

Функции convert_str_to_datetime и convert_datetime_to_str использовать не обязательно.

"""

import datetime


def convert_str_to_datetime(datetime_str):
    """
    Конвертирует строку с датой в формате 11/10/2019 14:05 в объект datetime.
    """
    return datetime.datetime.strptime(datetime_str, "%d/%m/%Y %H:%M")


def convert_datetime_to_str(datetime_obj):
    """
    Конвертирует строку с датой в формате 11/10/2019 14:05 в объект datetime.
    """
    return datetime.datetime.strftime(datetime_obj, "%d/%m/%Y %H:%M")
# -*- coding: utf-8 -*-
"""
Завдання 18.1a

Скопировать функцию send_show_command из задания 18.1 и переделать ее таким образом,
чтобы обрабатывалось исключение, которое генерируется при ошибке аутентификации
на устройстве.

При возникновении ошибки, на стандартный поток вывода должно выводиться
сообщение исключения.

Для проверки измените пароль на устройстве или в файле devices.yaml.

Тесты в этом разделе проверяют подключение на устройствах в файле devices.yaml.
Если параметры подключения к вашим устройствам отличаются, надо изменить
параметры в файле devices.yaml.
"""
# -*- coding: utf-8 -*-
"""
Завдання 18.1b

Скопировать функцию send_show_command из задания 18.1a и переделать ее таким образом,
чтобы обрабатывалось не только исключение, которое генерируется при ошибке
аутентификации на устройстве, но и исключение, которое генерируется, когда IP-адрес
устройства недоступен.

При возникновении ошибки, на стандартный поток вывода должно выводиться
сообщение исключения.

Для проверки измените IP-адрес на устройстве или в файле devices.yaml.

Тесты в этом разделе проверяют подключение на устройствах в файле devices.yaml.
Если параметры подключения к вашим устройствам отличаются, надо изменить
параметры в файле devices.yaml.
"""
# -*- coding: utf-8 -*-
"""
Завдання 18.1

Создать функцию send_show_command.

Функция подключается по SSH (с помощью netmiko) к ОДНОМУ устройству
и выполняет указанную команду.

Параметры функции:
* device - словарь с параметрами подключения к устройству
* command - команда, которую надо выполнить

Функция возвращает строку с выводом команды.

Скрипт должен отправлять команду command на все устройства из файла devices.yaml
с помощью функции send_show_command (эта часть кода написана).

Тесты в этом разделе проверяют подключение на устройствах в файле devices.yaml.
Если параметры подключения к вашим устройствам отличаются, надо изменить
параметры в файле devices.yaml.
"""
import yaml


if __name__ == "__main__":
    command = "sh ip int br"
    with open("devices.yaml") as f:
        devices = yaml.safe_load(f)

    for dev in devices:
        print(send_show_command(dev, command))
# -*- coding: utf-8 -*-
"""
Завдання 18.2a

Скопировать функцию send_config_commands из задания 18.2 и добавить параметр log,
который контролирует будет ли выводится на стандартный поток вывода информация о том
к какому устройству выполняется подключение.
По умолчанию, результат должен выводиться.

Приклад роботи функції:

In [13]: result = send_config_commands(r1, commands)
Подключаюсь к 192.168.100.1...

In [14]: result = send_config_commands(r1, commands, log=False)

In [15]:

Скрипт должен отправлять список команд commands на все устройства
из файла devices.yaml с помощью функции send_config_commands.

Тесты в этом разделе проверяют подключение на устройствах в файле devices.yaml.
Если параметры подключения к вашим устройствам отличаются, надо изменить
параметры в файле devices.yaml.
"""
# -*- coding: utf-8 -*-
"""
Завдання 18.2b

Скопировать функцию send_config_commands из задания 18.2a и добавить проверку на ошибки.

При выполнении каждой команды, скрипт должен проверять результат на такие ошибки:
 * Invalid input detected, Incomplete command, Ambiguous command

Если при выполнении какой-то из команд возникла ошибка, функция должна выводить
сообщение на стандартный поток вывода с информацией о том, какая ошибка возникла,
при выполнении какой команды и на каком устройстве, например:
Команда "logging" выполнилась с ошибкой "Incomplete command." на устройстве 192.168.100.1

Ошибки должны выводиться всегда, независимо от значения параметра log.
При этом, параметр log по-прежнему должен контролировать будет ли выводиться сообщение:
Подключаюсь к 192.168.100.1...


Функция send_config_commands теперь должна возвращать кортеж из двух словарей:
* первый словарь с выводом команд, которые выполнились без ошибки
* второй словарь с выводом команд, которые выполнились с ошибками

Оба словаря в формате (примеры словарей ниже):
* ключ - команда
* значение - вывод с выполнением команд

Проверить работу функции можно на одном устройстве.


Приклад роботи функції send_config_commands:

In [16]: commands
Out[16]:
['logging 0255.255.1',
 'logging',
 'a',
 'logging buffered 20010',
 'ip http server']

In [17]: result = send_config_commands(r1, commands)
Подключаюсь к 192.168.100.1...
Команда "logging 0255.255.1" выполнилась с ошибкой "Invalid input detected at '^' marker." на устройстве 192.168.100.1
Команда "logging" выполнилась с ошибкой "Incomplete command." на устройстве 192.168.100.1
Команда "a" выполнилась с ошибкой "Ambiguous command:  "a"" на устройстве 192.168.100.1

In [18]: pprint(result, width=120)
({'ip http server': 'config term\n'
                    'Enter configuration commands, one per line.  End with CNTL/Z.\n'
                    'R1(config)#ip http server\n'
                    'R1(config)#',
  'logging buffered 20010': 'config term\n'
                            'Enter configuration commands, one per line.  End with CNTL/Z.\n'
                            'R1(config)#logging buffered 20010\n'
                            'R1(config)#'},
 {'a': 'config term\n'
       'Enter configuration commands, one per line.  End with CNTL/Z.\n'
       'R1(config)#a\n'
       '% Ambiguous command:  "a"\n'
       'R1(config)#',
  'logging': 'config term\n'
             'Enter configuration commands, one per line.  End with CNTL/Z.\n'
             'R1(config)#logging\n'
             '% Incomplete command.\n'
             '\n'
             'R1(config)#',
  'logging 0255.255.1': 'config term\n'
                        'Enter configuration commands, one per line.  End with CNTL/Z.\n'
                        'R1(config)#logging 0255.255.1\n'
                        '                   ^\n'
                        "% Invalid input detected at '^' marker.\n"
                        '\n'
                        'R1(config)#'})

In [19]: good, bad = result

In [20]: good.keys()
Out[20]: dict_keys(['logging buffered 20010', 'ip http server'])

In [21]: bad.keys()
Out[21]: dict_keys(['logging 0255.255.1', 'logging', 'a'])


Примеры команд с ошибками:
R1(config)#logging 0255.255.1
                   ^
% Invalid input detected at '^' marker.

R1(config)#logging
% Incomplete command.

R1(config)#a
% Ambiguous command:  "a"

Тесты в этом разделе проверяют подключение на устройствах в файле devices.yaml.
Если параметры подключения к вашим устройствам отличаются, надо изменить
параметры в файле devices.yaml.
"""

# списки команд с ошибками и без:
commands_with_errors = ["logging 0255.255.1", "logging", "a"]
correct_commands = ["logging buffered 20010", "ip http server"]

commands = commands_with_errors + correct_commands
# -*- coding: utf-8 -*-
"""
Завдання 18.2c

Скопировать функцию send_config_commands из задания 18.2b и переделать ее таким образом:

Если при выполнении команды возникла ошибка, спросить пользователя надо ли выполнять
остальные команды.

Варианты ответа [y]/n:
* y - выполнять остальные команды. Это значение по умолчанию,
  поэтому нажатие любой комбинации воспринимается как y
* n или no - не выполнять остальные команды

Функция send_config_commands по-прежнему должна возвращать кортеж из двух словарей:
* первый словарь с выводом команд, которые выполнились без ошибки
* второй словарь с выводом команд, которые выполнились с ошибками

Оба словаря в формате
* ключ - команда
* значение - вывод с выполнением команд

Проверить работу функции можно на одном устройстве.

Приклад роботи функції:

In [11]: result = send_config_commands(r1, commands)
Подключаюсь к 192.168.100.1...
Команда "logging 0255.255.1" выполнилась с ошибкой "Invalid input detected at '^' marker." на устройстве 192.168.100.1
Продолжать выполнять команды? [y]/n: y
Команда "logging" выполнилась с ошибкой "Incomplete command." на устройстве 192.168.100.1
Продолжать выполнять команды? [y]/n: n

In [12]: pprint(result)
({},
 {'logging': 'config term\n'
             'Enter configuration commands, one per line.  End with CNTL/Z.\n'
             'R1(config)#logging\n'
             '% Incomplete command.\n'
             '\n'
             'R1(config)#',
  'logging 0255.255.1': 'config term\n'
                        'Enter configuration commands, one per line.  End with '
                        'CNTL/Z.\n'
                        'R1(config)#logging 0255.255.1\n'
                        '                   ^\n'
                        "% Invalid input detected at '^' marker.\n"
                        '\n'
                        'R1(config)#'})


Тесты в этом разделе проверяют подключение на устройствах в файле devices.yaml.
Если параметры подключения к вашим устройствам отличаются, надо изменить
параметры в файле devices.yaml.
"""

# списки команд с ошибками и без:
commands_with_errors = ["logging 0255.255.1", "logging", "a"]
correct_commands = ["logging buffered 20010", "ip http server"]

commands = commands_with_errors + correct_commands
# -*- coding: utf-8 -*-
"""
Завдання 18.2

Создать функцию send_config_commands

Функция подключается по SSH (с помощью netmiko) к ОДНОМУ устройству и выполняет
перечень команд в конфигурационном режиме на основании переданных аргументов.

Параметры функции:
* device - словарь с параметрами подключения к устройству
* config_commands - список команд, которые надо выполнить

Функция возвращает строку с результатами выполнения команды:

In [7]: r1
Out[7]:
{'device_type': 'cisco_ios',
 'ip': '192.168.100.1',
 'username': 'cisco',
 'password': 'cisco',
 'secret': 'cisco'}

In [8]: commands
Out[8]: ['logging 10.255.255.1', 'logging buffered 20010', 'no logging console']

In [9]: result = send_config_commands(r1, commands)

In [10]: result
Out[10]: 'config term\nEnter configuration commands, one per line.  End with CNTL/Z.
         \nR1(config)#logging 10.255.255.1\nR1(config)#logging buffered 20010\n
         R1(config)#no logging console\nR1(config)#end\nR1#'

In [11]: print(result)
config term
Enter configuration commands, one per line.  End with CNTL/Z.
R1(config)#logging 10.255.255.1
R1(config)#logging buffered 20010
R1(config)#no logging console
R1(config)#end
R1#


Скрипт должен отправлять команду command на все устройства из файла devices.yaml
с помощью функции send_config_commands.

Тесты в этом разделе проверяют подключение на устройствах в файле devices.yaml.
Если параметры подключения к вашим устройствам отличаются, надо изменить
параметры в файле devices.yaml.
"""

commands = ["logging 10.255.255.1", "logging buffered 20010", "no logging console"]
# -*- coding: utf-8 -*-
"""
Завдання 18.3

Создать функцию send_commands (для подключения по SSH используется netmiko).

Параметры функции:
* device - словарь с параметрами подключения к одному устройству
* show - одна команда show (строка)
* config - список с командами, которые надо выполнить в конфигурационном режиме

Аргументы show и config должны передаваться только как ключевые. При передачи
этих аргументов как позиционных, должно генерироваться исключение TypeError.

In [4]: send_commands(r1, 'sh clock')
---------------------------------------------------------------------------
TypeError                                 Traceback (most recent call last)
<ipython-input-4-75adcfb4a005> in <module>
----> 1 send_commands(r1, 'sh clock')

TypeError: send_commands() takes 1 positional argument but 2 were given


В зависимости от того, какой аргумент был передан, функция вызывает разные функции
внутри. При вызове функции send_commands, всегда должен передаваться
только один из аргументов show, config. Если передаются оба аргумента, должно
генерироваться исключение ValueError.

Далее комбинация из аргумента и соответствующей функции:
* show - функция send_show_command из задания 18.1
* config - функция send_config_commands из задания 18.2

Функция возвращает строку с результатами выполнения команд или команды.

Проверить работу функции:
* со списком команд commands
* командой command

Приклад роботи функції:

In [14]: send_commands(r1, show='sh clock')
Out[14]: '*17:06:12.278 UTC Wed Mar 13 2019'

In [15]: commands = ['username user5 password pass5', 'username user6 password pass6']

In [16]: send_commands(r1, config=commands)
Out[16]: 'config term\nEnter configuration commands, one per line.  End with CNTL/Z.\nR1(config)#username user5 password pass5\nR1(config)#username user6 password pass6\nR1(config)#end\nR1#'


Тесты в этом разделе проверяют подключение на устройствах в файле devices.yaml.
Если параметры подключения к вашим устройствам отличаются, надо изменить
параметры в файле devices.yaml.
"""

commands = ["logging 10.255.255.1", "logging buffered 20010", "no logging console"]
command = "sh ip int br"
# -*- coding: utf-8 -*-
"""
Завдання 19.1

Создать функцию ping_ip_addresses, которая проверяет пингуются ли IP-адреса.
Проверка IP-адресов должна выполняться параллельно в разных потоках.

Параметры функции ping_ip_addresses:
* ip_list - список IP-адресов
* limit - максимальное количество параллельных потоков (по умолчанию 3)

Функція має повертати кортеж із двома списками:
* список доступных IP-адресов
* список недоступных IP-адресов

Для выполнения задания можно создавать любые дополнительные функции.

Для проверки доступности IP-адреса, используйте ping.

Подсказка о работе с concurrent.futures:
Если необходимо пинговать несколько IP-адресов в разных потоках,
надо создать функцию, которая будет пинговать один IP-адрес,
а затем запустить эту функцию в разных потоках для разных
IP-адресов с помощью concurrent.futures (это надо сделать в функции ping_ip_addresses).
"""
# -*- coding: utf-8 -*-
"""
Завдання 19.2

Создать функцию send_show_command_to_devices, которая отправляет одну и ту же
команду show на разные устройства в параллельных потоках, а затем записывает
вывод команд в файл. Вывод с устройств в файле может быть в любом порядке.

Параметры функции:
* devices - список словарей с параметрами подключения к устройствам
* command - команда
* filename - имя текстового файла, в который будут записаны выводы всех команд
* limit - максимальное количество параллельных потоков (по умолчанию 3)

Функція нічого не повертає.

Подключение к оборудованию выполняется с помощью netmiko (SSH).

Вывод команд должен быть записан в обычный текстовый файл в таком формате
(перед выводом команды надо написать имя хоста и саму команду):

R1#sh ip int br
Interface                  IP-Address      OK? Method Status                Protocol
Ethernet0/0                192.168.100.1   YES NVRAM  up                    up
Ethernet0/1                192.168.200.1   YES NVRAM  up                    up
R2#sh ip int br
Interface                  IP-Address      OK? Method Status                Protocol
Ethernet0/0                192.168.100.2   YES NVRAM  up                    up
Ethernet0/1                10.1.1.1        YES NVRAM  administratively down down
R3#sh ip int br
Interface                  IP-Address      OK? Method Status                Protocol
Ethernet0/0                192.168.100.3   YES NVRAM  up                    up
Ethernet0/1                unassigned      YES NVRAM  administratively down down

Для выполнения задания можно создавать любые дополнительные функции.

Проверить работу функции на устройствах из файла devices.yaml.

Тесты в этом разделе проверяют подключение на устройствах в файле devices.yaml.
Если параметры подключения к вашим устройствам отличаются, надо изменить
параметры в файле devices.yaml.
"""
# -*- coding: utf-8 -*-
"""
Завдання 19.3a

Создать функцию send_command_to_devices, которая отправляет список указанных
команд show на разные устройства в параллельных потоках, а затем записывает
вывод команд в файл. Вывод с устройств в файле может быть в любом порядке,
но вывод команд с одного устройства должен идти по порядку.
Например, для словаря commands и устройства 192.168.100.1 сначала должен быть
вывод sh ip int br, потом sh int desc.


Параметры функции:
* devices - список словарей с параметрами подключения к устройствам
* commands_dict - словарь в котором указано на какое устройство отправлять
  какие команды. Пример словаря - commands
* filename - имя файла, в который будут записаны выводы всех команд
* limit - максимальное количество параллельных потоков (по умолчанию 3)

Функція нічого не повертає.

Вывод команд должен быть записан в файл в таком формате (перед выводом каждой
команды надо написать имя хоста и саму команду):

R2#sh arp
Protocol  Address          Age (min)  Hardware Addr   Type   Interface
Internet  192.168.100.1          87   aabb.cc00.6500  ARPA   Ethernet0/0
Internet  192.168.100.2           -   aabb.cc00.6600  ARPA   Ethernet0/0
R1#sh ip int br
Interface                  IP-Address      OK? Method Status                Protocol
Ethernet0/0                192.168.100.1   YES NVRAM  up                    up
Ethernet0/1                192.168.200.1   YES NVRAM  up                    up
R1#sh arp
Protocol  Address          Age (min)  Hardware Addr   Type   Interface
Internet  10.30.0.1               -   aabb.cc00.6530  ARPA   Ethernet0/3.300
Internet  10.100.0.1              -   aabb.cc00.6530  ARPA   Ethernet0/3.100
R3#sh ip int br
Interface                  IP-Address      OK? Method Status                Protocol
Ethernet0/0                192.168.100.3   YES NVRAM  up                    up
Ethernet0/1                unassigned      YES NVRAM  administratively down down
R3#sh ip route | ex -

Gateway of last resort is not set

      10.0.0.0/8 is variably subnetted, 4 subnets, 2 masks
O        10.1.1.1/32 [110/11] via 192.168.100.1, 07:12:03, Ethernet0/0
O        10.30.0.0/24 [110/20] via 192.168.100.1, 07:12:03, Ethernet0/0


Для выполнения задания можно создавать любые дополнительные функции,
а также использовать функции созданные в предыдущих заданиях.

Проверить работу функции на устройствах из файла devices.yaml и словаре commands

Тесты в этом разделе проверяют подключение на устройствах в файле devices.yaml.
Если параметры подключения к вашим устройствам отличаются, надо изменить
параметры в файле devices.yaml.
"""

# Этот словарь нужен только для проверки работа кода, в нем можно менять IP-адреса
# тест берет адреса из файла devices.yaml
commands = {
    "192.168.100.3": ["sh ip int br", "sh ip route | ex -"],
    "192.168.100.1": ["sh ip int br", "sh int desc"],
    "192.168.100.2": ["sh int desc"],
}
# -*- coding: utf-8 -*-
"""
Завдання 19.3

Создать функцию send_command_to_devices, которая отправляет разные
команды show на разные устройства в параллельных потоках, а затем записывает
вывод команд в файл. Вывод с устройств в файле может быть в любом порядке.

Параметры функции:
* devices - список словарей с параметрами подключения к устройствам
* commands_dict - словарь в котором указано на какое устройство отправлять
  какую команду. Пример словаря - commands
* filename - имя файла, в который будут записаны выводы всех команд
* limit - максимальное количество параллельных потоков (по умолчанию 3)

Функція нічого не повертає.

Вывод команд должен быть записан в файл в таком формате (перед выводом
команды надо написать имя хоста и саму команду):

R1#sh ip int br
Interface                  IP-Address      OK? Method Status                Protocol
Ethernet0/0                192.168.100.1   YES NVRAM  up                    up
Ethernet0/1                192.168.200.1   YES NVRAM  up                    up
R2#sh int desc
Interface                      Status         Protocol Description
Et0/0                          up             up
Et0/1                          up             up
Et0/2                          admin down     down
Et0/3                          admin down     down
Lo9                            up             up
Lo19                           up             up
R3#sh run | s ^router ospf
router ospf 1
 network 0.0.0.0 255.255.255.255 area 0


Для выполнения задания можно создавать любые дополнительные функции.

Проверить работу функции на устройствах из файла devices.yaml и словаре commands

Тесты в этом разделе проверяют подключение на устройствах в файле devices.yaml.
Если параметры подключения к вашим устройствам отличаются, надо изменить
параметры в файле devices.yaml.
"""

# Этот словарь нужен только для проверки работа кода, в нем можно менять IP-адреса
# тест берет адреса из файла devices.yaml
commands = {
    "192.168.100.3": "sh run | s ^router ospf",
    "192.168.100.1": "sh ip int br",
    "192.168.100.2": "sh int desc",
}
# -*- coding: utf-8 -*-
"""
Завдання 19.4

Создать функцию send_commands_to_devices, которая отправляет команду show или config
на разные устройства в параллельных потоках, а затем записывает вывод команд в файл.

Параметры функции:
* devices - список словарей с параметрами подключения к устройствам
* filename - имя файла, в который будут записаны выводы всех команд
* show - команда show, которую нужно отправить (по умолчанию, значение None)
* config - команды конфигурационного режима, которые нужно отправить (по умолчанию None)
* limit - максимальное количество параллельных потоков (по умолчанию 3)

Функція нічого не повертає.

Аргументы show, config и limit должны передаваться только как ключевые. При передачи
этих аргументов как позиционных, должно генерироваться исключение TypeError.

In [4]: send_commands_to_devices(devices, 'result.txt', 'sh clock')
---------------------------------------------------------------------------
TypeError                                 Traceback (most recent call last)
<ipython-input-4-75adcfb4a005> in <module>
----> 1 send_commands_to_devices(devices, 'result.txt', 'sh clock')

TypeError: send_commands_to_devices() takes 2 positional argument but 3 were given


При вызове функции send_commands_to_devices, всегда должен передаваться
только один из аргументов show, config. Если передаются оба аргумента, должно
генерироваться исключение ValueError.


Вывод команд должен быть записан в файл в таком формате
(перед выводом команды надо написать имя хоста и саму команду):

R1#sh ip int br
Interface                  IP-Address      OK? Method Status                Protocol
Ethernet0/0                192.168.100.1   YES NVRAM  up                    up
Ethernet0/1                192.168.200.1   YES NVRAM  up                    up
R2#sh arp
Protocol  Address          Age (min)  Hardware Addr   Type   Interface
Internet  192.168.100.1          76   aabb.cc00.6500  ARPA   Ethernet0/0
Internet  192.168.100.2           -   aabb.cc00.6600  ARPA   Ethernet0/0
Internet  192.168.100.3         173   aabb.cc00.6700  ARPA   Ethernet0/0
R3#sh ip int br
Interface                  IP-Address      OK? Method Status                Protocol
Ethernet0/0                192.168.100.3   YES NVRAM  up                    up
Ethernet0/1                unassigned      YES NVRAM  administratively down down

Пример вызова функции:
In [5]: send_commands_to_devices(devices, 'result.txt', show='sh clock')

In [6]: cat result.txt
R1#sh clock
*04:56:34.668 UTC Sat Mar 23 2019
R2#sh clock
*04:56:34.687 UTC Sat Mar 23 2019
R3#sh clock
*04:56:40.354 UTC Sat Mar 23 2019

In [11]: send_commands_to_devices(devices, 'result.txt', config='logging 10.5.5.5')

In [12]: cat result.txt
config term
Enter configuration commands, one per line.  End with CNTL/Z.
R1(config)#logging 10.5.5.5
R1(config)#end
R1#
config term
Enter configuration commands, one per line.  End with CNTL/Z.
R2(config)#logging 10.5.5.5
R2(config)#end
R2#
config term
Enter configuration commands, one per line.  End with CNTL/Z.
R3(config)#logging 10.5.5.5
R3(config)#end
R3#

In [13]: commands = ['router ospf 55', 'network 0.0.0.0 255.255.255.255 area 0']

In [13]: send_commands_to_devices(devices, 'result.txt', config=commands)

In [14]: cat result.txt
config term
Enter configuration commands, one per line.  End with CNTL/Z.
R1(config)#router ospf 55
R1(config-router)#network 0.0.0.0 255.255.255.255 area 0
R1(config-router)#end
R1#
config term
Enter configuration commands, one per line.  End with CNTL/Z.
R2(config)#router ospf 55
R2(config-router)#network 0.0.0.0 255.255.255.255 area 0
R2(config-router)#end
R2#
config term
Enter configuration commands, one per line.  End with CNTL/Z.
R3(config)#router ospf 55
R3(config-router)#network 0.0.0.0 255.255.255.255 area 0
R3(config-router)#end
R3#


Для выполнения задания можно создавать любые дополнительные функции.

Тесты в этом разделе проверяют подключение на устройствах в файле devices.yaml.
Если параметры подключения к вашим устройствам отличаются, надо изменить
параметры в файле devices.yaml.
"""
